MIME-Version: 1.0
Content-Type: multipart/alternative;
 boundary="===============0787740717711143552=="
Subject: Jadwal Kunjungan Berhasil Didaftarkan - Kode: 4905DF71
From: no-reply@diskominfosantik.bekasikab.go.id
To: muharifmulyanto869@gmail.com
Date: Wed, 13 May 2026 03:27:04 +0000
Message-ID: <177864282487.17104.14416369183212663777@DESKTOP-HE2I930>

--===============0787740717711143552==
Content-Type: text/plain; charset="utf-8"
Content-Transfer-Encoding: quoted-printable




   =20


   =20
       =20
            Kunjungan Berhasil Terjadwal
            Buku Tamu Digital Diskominfosantik
       =20
       =20
        Halo Muharif Mulyanto,
        Terima kasih telah menjadwalkan kunjungan Anda. Berikut adalah detail=
 jadwal kunjungan Anda:
       =20
       =20
           =20
               =20
                    Tanggal
                    14 Mei 2026
               =20
               =20
                    Waktu
                    10:00 WIB
               =20
               =20
                    Pegawai Dituju
                    wawan=20
               =20
               =20
                    Bidang/Bagian
                    Bidang E-Government
               =20
               =20
                    No. Urut
                    01
               =20
               =20
                    Kode Unik
                    4905DF71
               =20
           =20
       =20
       =20
        Silakan klik tombol di bawah ini untuk melihat dan mencetak Kartu Pen=
gunjung Anda. Kartu ini diperlukan saat Anda tiba di lokasi.
       =20
       =20
            Lihat / Cetak Kartu Pengunjung
       =20
       =20
        Harap datang tepat waktu sesuai dengan jadwal yang tertera.
       =20
       =20
       =20
       =20
            Email ini dikirim secara otomatis oleh Sistem Buku Tamu Digital.M=
ohon tidak membalas email ini.
       =20
   =20



--===============0787740717711143552==
Content-Type: text/html; charset="utf-8"
Content-Transfer-Encoding: quoted-printable
MIME-Version: 1.0

<!DOCTYPE html>
<html>
<head>
    <meta charset=3D"utf-8">
</head>
<body style=3D"font-family: 'Segoe UI', Tahoma, Geneva, Verdana, sans-serif; =
color: #334155; line-height: 1.6; padding: 20px; background-color: #f1f5f9;">
    <div style=3D"max-width: 600px; margin: 0 auto; padding: 30px; border: 1p=
x solid #e2e8f0; border-radius: 16px; background-color: #ffffff; box-shadow: =
0 4px 6px -1px rgba(0, 0, 0, 0.1);">
        <div style=3D"text-align: center; margin-bottom: 30px;">
            <div style=3D"font-size: 24px; font-weight: 800; color: #1e3a8a; =
margin-bottom: 5px;">Kunjungan Berhasil Terjadwal</div>
            <div style=3D"font-size: 14px; color: #64748b;">Buku Tamu Digital=
 Diskominfosantik</div>
        </div>
       =20
        <p>Halo <strong>Muharif Mulyanto</strong>,</p>
        <p>Terima kasih telah menjadwalkan kunjungan Anda. Berikut adalah det=
ail jadwal kunjungan Anda:</p>
       =20
        <div style=3D"background: #f8fafc; padding: 20px; border-radius: 12px=
; margin: 20px 0;">
            <table style=3D"width: 100%; border-collapse: collapse;">
                <tr style=3D"border-bottom: 1px solid #e2e8f0;">
                    <td style=3D"padding: 8px 0; font-weight: 600; color: #64=
748b; font-size: 14px;">Tanggal</td>
                    <td style=3D"padding: 8px 0; text-align: right; font-weig=
ht: 700; color: #0f172a; font-size: 14px;">14 Mei 2026</td>
                </tr>
                <tr style=3D"border-bottom: 1px solid #e2e8f0;">
                    <td style=3D"padding: 8px 0; font-weight: 600; color: #64=
748b; font-size: 14px;">Waktu</td>
                    <td style=3D"padding: 8px 0; text-align: right; font-weig=
ht: 700; color: #0f172a; font-size: 14px;">10:00 WIB</td>
                </tr>
                <tr style=3D"border-bottom: 1px solid #e2e8f0;">
                    <td style=3D"padding: 8px 0; font-weight: 600; color: #64=
748b; font-size: 14px;">Pegawai Dituju</td>
                    <td style=3D"padding: 8px 0; text-align: right; font-weig=
ht: 700; color: #0f172a; font-size: 14px;">wawan </td>
                </tr>
                <tr style=3D"border-bottom: 1px solid #e2e8f0;">
                    <td style=3D"padding: 8px 0; font-weight: 600; color: #64=
748b; font-size: 14px;">Bidang/Bagian</td>
                    <td style=3D"padding: 8px 0; text-align: right; font-weig=
ht: 700; color: #0f172a; font-size: 14px;">Bidang E-Government</td>
                </tr>
                <tr style=3D"border-bottom: 1px solid #e2e8f0;">
                    <td style=3D"padding: 8px 0; font-weight: 600; color: #64=
748b; font-size: 14px;">No. Urut</td>
                    <td style=3D"padding: 8px 0; text-align: right; font-weig=
ht: 700; color: #1e40af; font-size: 14px;">01</td>
                </tr>
                <tr>
                    <td style=3D"padding: 8px 0; font-weight: 600; color: #64=
748b; font-size: 14px;">Kode Unik</td>
                    <td style=3D"padding: 8px 0; text-align: right; font-weig=
ht: 700; color: #1e40af; font-size: 14px;">4905DF71</td>
                </tr>
            </table>
        </div>
       =20
        <p>Silakan klik tombol di bawah ini untuk melihat dan mencetak Kartu =
Pengunjung Anda. Kartu ini diperlukan saat Anda tiba di lokasi.</p>
       =20
        <div style=3D"text-align: center; margin: 30px 0;">
            <a href=3D"http://127.0.0.1:8000/kunjungan/4905df71-7498-4960-a08=
e-329a12615e99/cetak-kartu/" style=3D"display: inline-block; background: #3b8=
2f6; color: #ffffff !important; padding: 14px 28px; border-radius: 10px; text=
-decoration: none; font-weight: 700; font-size: 16px; box-shadow: 0 4px 6px -=
1px rgba(59, 130, 246, 0.2);">Lihat / Cetak Kartu Pengunjung</a>
        </div>
       =20
        <p style=3D"font-size: 14px; color: #64748b; text-align: center;">Har=
ap datang tepat waktu sesuai dengan jadwal yang tertera.</p>
       =20
        <hr style=3D"border: 0; border-top: 1px solid #e2e8f0; margin: 30px 0=
;">
       =20
        <div style=3D"text-align: center; font-size: 12px; color: #94a3b8;">
            <p>Email ini dikirim secara otomatis oleh Sistem Buku Tamu Digita=
l.<br>Mohon tidak membalas email ini.</p>
        </div>
    </div>
</body>
</html>

--===============0787740717711143552==--

-------------------------------------------------------------------------------
